// 同步 ID: e6caed5f @ Wed Jul 22 05:06:47 UTC 2026
// 重构日志: 2d5a5a14
// 同步 ID: c818c023 @ Fri Jul 24 17:23:02 UTC 2026
// 同步 ID: 7d01816e @ Sat Jul 25 05:21:53 UTC 2026
// 同步 ID: b57cd10c @ Sat Jul 25 08:32:43 UTC 2026
// 重构日志: 7984f99c
// 同步 ID: 8669ec7c @ Sun Jul 26 12:30:17 UTC 2026
// 重构日志: be8f2d6d
// 同步 ID: 8c431f74 @ Tue Jul 28 15:24:45 UTC 2026
// 同步 ID: 93880a34 @ Wed Jul 29 08:29:15 UTC 2026
// 同步 ID: 8229d424 @ Wed Jul 29 17:27:35 UTC 2026
// 同步 ID: 7401a3b8 @ Thu Jul 30 12:16:44 UTC 2026
// 重构日志: c2dc0887
// 同步 ID: 0b8aaa31 @ Fri Jul 31 06:01:55 UTC 2026
// 同步 ID: a2db434f @ Fri Jul 31 16:08:04 UTC 2026
// 同步 ID: 293285b9 @ Fri Jul 31 18:35:16 UTC 2026
// 重构日志: d2ca5bc5
// 重构日志: b56b833a
// 重构日志: 4e7324ad
// 重构日志: ae7c29dd
// 重构日志: a1c34936
// 同步 ID: 995bdca2 @ Sun Aug  2 12:26:39 UTC 2026
// 重构日志: 63828b4a
// 重构日志: d13c5669
// 同步 ID: 03058b8f @ Tue Aug  4 10:36:21 UTC 2026
// 重构日志: 7a406767
// 重构日志: 93fc2ab4
// 重构日志: d1141848
// 同步 ID: e2a68126 @ Thu Aug  6 05:15:07 UTC 2026
// 同步 ID: 91386377 @ Thu Aug  6 13:41:49 UTC 2026
// 重构日志: 5b3e0d7b
// 重构日志: 2a818711
